exports[`ConnectedActivityList renders properly 1`] = `
<div
  className="activity-list" />
`;
