exports[`ActivityItemPostActions component renders properly 1`] = `
<div
  className="post-action-item">
  <button
    className="icon-button"
    onClick={[Function mockConstructor]}
    onKeyUp={[Function mockConstructor]}>
    <div
      className="icon"
      title="abc-123" />
  </button>
</div>
`;
