exports[`IconButton component renders properly 1`] = `
<button
  className="icon-button"
  onClick={[Function mockConstructor]}
  onKeyUp={[Function mockConstructor]}>
  <div
    className="icon"
    title={undefined} />
</button>
`;
