exports[`ActivityList component renders properly 1`] = `
<div
  className="activity-list">
  
  
  
</div>
`;
