exports[`TextArea component renders properly 1`] = `
<textarea
  className="textarea test-class"
  onChange={[Function anonymous]}
  onKeyDown={[Function anonymous]}
  onSubmit={[Function anonymous]}
  placeholder="TextArea Placeholder"
  rows={2}
  value="" />
`;
