exports[`AddFileButton component renders properly 1`] = `
<button
  className="add-file-button"
  onClick={[Function anonymous]}>
  <span
    className="add-file-icon" />
</button>
`;
