exports[`ScrollingActivity container renders properly 1`] = `<div />`;
