exports[`ScrollingActivity container renders properly 1`] = `
<div
  className={undefined}
  onScroll={undefined}>
  <div>
    <div
      className="activity-list" />
    <div
      className="indicators">
      <div />
    </div>
  </div>
</div>
`;
